[LOG] Log em C:\Users\User\Documents\FACULDADE\TRIAGEM PARA TODOS\scripts\logs\carga_20261009_190427.log
[LOG] Auditoria de PII OK: 100 usuários e 219 triagens, todos sintéticos
[LOG] Inserido paciente 1/100 - UUID: cda14c14-9079-4e92-8528-8051ef3030c1
[LOG]   Inserida triagem TRG-2026-34f5506e - UUID: 34f5506e-9f16-41af-a88f-b9e17046e36a
[LOG] Inserido paciente 2/100 - UUID: a36c6a9e-9990-4c00-91fa-28ffb88df896
[LOG]   Inserida triagem TRG-2026-77898614 - UUID: 77898614-cf16-49be-a37e-8cedaed25563
[LOG] Inserido paciente 3/100 - UUID: 56f355eb-d1d4-4ec0-a105-4e23d2593407
[LOG]   Inserida triagem TRG-2026-c8b2308b - UUID: c8b2308b-fdfd-49c7-a9b7-6d9e34065f93
[LOG]   Inserida triagem TRG-2026-37a255a1 - UUID: 37a255a1-4f83-4713-8144-5b2e201749b7
[LOG]   Inserida triagem TRG-2026-904bb3d8 - UUID: 904bb3d8-ef06-4b8e-a4fe-2cd7b0bee5fa
[LOG] Inserido paciente 4/100 - UUID: 6d044301-2427-4990-8276-7f2845544b1d
[LOG]   Inserida triagem TRG-2026-fe37730d - UUID: fe37730d-bf6a-40e5-87b3-2109a93a9677
[LOG]   Inserida triagem TRG-2026-0b13ecf9 - UUID: 0b13ecf9-7bb9-4d0a-a3c9-db1619bcb693
[LOG]   Inserida triagem TRG-2026-7c6158b3 - UUID: 7c6158b3-2c86-40e7-9fb6-efcfce8444a4
[LOG] Inserido paciente 5/100 - UUID: 491a08c3-f05c-4532-8832-ecc38111a0fc
[LOG]   Inserida triagem TRG-2026-d1034fb1 - UUID: d1034fb1-564f-4c67-a5c1-2500e4abb96b
[LOG] Inserido paciente 6/100 - UUID: 689229b5-63b7-4fbf-9d31-a2a020b39b4f
[LOG]   Inserida triagem TRG-2026-a7b7b491 - UUID: a7b7b491-73be-4667-8077-60bb034d5940
[LOG]   Inserida triagem TRG-2026-2d689801 - UUID: 2d689801-8ca8-4563-b247-b04af527ee28
[LOG] Inserido paciente 7/100 - UUID: 465351df-50eb-4945-aa7b-c6e61254ffe4
[LOG]   Inserida triagem TRG-2026-e43c4048 - UUID: e43c4048-016f-4252-8a1f-88465235756d
[LOG] Inserido paciente 8/100 - UUID: e8100d92-fc84-4e0d-8343-cb5d197b3024
[LOG]   Inserida triagem TRG-2026-e5bc5db5 - UUID: e5bc5db5-f0a1-4359-8218-f045782a5963
[LOG]   Inserida triagem TRG-2026-be1886d6 - UUID: be1886d6-873e-4171-92b1-2b2b6149831e
[LOG]   Inserida triagem TRG-2026-cdad4e90 - UUID: cdad4e90-c52b-4470-8365-0bcf6906ddbb
[LOG] Inserido paciente 9/100 - UUID: f89e41fe-0dd0-4f14-ad19-56e80dcfc391
[LOG]   Inserida triagem TRG-2026-4f9183b2 - UUID: 4f9183b2-7e86-4d99-b7d5-be43f4e98cd5
[LOG]   Inserida triagem TRG-2026-bbed2e82 - UUID: bbed2e82-7263-45f1-b92a-4538622bfee4
[LOG] Inserido paciente 10/100 - UUID: fbdd3e24-e751-4bf0-a135-53e7cb1fa808
[LOG]   Inserida triagem TRG-2026-4239e4c5 - UUID: 4239e4c5-d03a-453f-994f-078cb0a48e9f
[LOG] Inserido paciente 11/100 - UUID: 07f642e8-f669-4045-a705-0cb7d08dd986
[LOG]   Inserida triagem TRG-2026-3edeedad - UUID: 3edeedad-2305-46ca-8501-e6d2004a6a0e
[LOG]   Inserida triagem TRG-2026-512d8435 - UUID: 512d8435-6e51-4860-bbfc-6f83e66ff2b6
[LOG] Inserido paciente 12/100 - UUID: ef79920d-fbd1-4f5f-9bbb-62d61732e644
[LOG]   Inserida triagem TRG-2026-70817b32 - UUID: 70817b32-b103-4bba-a451-201844da5066
[LOG] Inserido paciente 13/100 - UUID: 442a18ac-46d2-4d35-ad4f-63f0c92e90f9
[LOG]   Inserida triagem TRG-2026-0f8871a3 - UUID: 0f8871a3-6d3c-45e0-b543-031d989332f4
[LOG] Inserido paciente 14/100 - UUID: f912a744-e104-400a-bc5f-d0262adc39e7
[LOG]   Inserida triagem TRG-2026-e79603da - UUID: e79603da-b686-4f06-9a04-9d7a45f448b2
[LOG]   Inserida triagem TRG-2026-fb1dc01d - UUID: fb1dc01d-bc32-45be-8a96-a1819b515c0f
[LOG]   Inserida triagem TRG-2026-fbfa6af1 - UUID: fbfa6af1-c945-4042-b5df-3ccf77d1bba5
[LOG] Inserido paciente 15/100 - UUID: 494db807-4ae2-43da-af4b-014cabbf8cf5
[LOG]   Inserida triagem TRG-2026-bc808a8e - UUID: bc808a8e-e78a-47f7-a8cb-14f2ba280760
[LOG]   Inserida triagem TRG-2026-f42f03c9 - UUID: f42f03c9-f661-4776-8637-36c057aa9736
[LOG] Inserido paciente 16/100 - UUID: e76eb2cf-7030-4909-896c-49bc5eb5246a
[LOG]   Inserida triagem TRG-2026-a872cae6 - UUID: a872cae6-6d63-4c5a-be5a-79df520f91e4
[LOG]   Inserida triagem TRG-2026-c1d34749 - UUID: c1d34749-1d2e-4221-a96a-6e09c7cb3780
[LOG]   Inserida triagem TRG-2026-4a2e07de - UUID: 4a2e07de-c915-42e1-a228-4da9350d3bf9
[LOG] Inserido paciente 17/100 - UUID: f8ca9682-e2c2-4313-8960-5a78068d1848
[LOG]   Inserida triagem TRG-2026-cd3b8590 - UUID: cd3b8590-bed3-42ee-9f37-5d250e0be32b
[LOG]   Inserida triagem TRG-2026-f3eaa5cf - UUID: f3eaa5cf-2cc0-4903-9fb9-0a00f6d17a29
[LOG]   Inserida triagem TRG-2026-7af5beab - UUID: 7af5beab-2d77-43e7-8a08-be9e269224dd
[LOG] Inserido paciente 18/100 - UUID: 61b55172-64c5-407c-937e-81213fb8a7a9
[LOG]   Inserida triagem TRG-2026-1eae91f7 - UUID: 1eae91f7-ecee-4912-8c9c-5f42f14b3783
[LOG]   Inserida triagem TRG-2026-111c4c39 - UUID: 111c4c39-f20d-436d-9580-4ceb57148244
[LOG]   Inserida triagem TRG-2026-ac362300 - UUID: ac362300-ac0a-425c-a3ad-33e0ce33f34c
[LOG] Inserido paciente 19/100 - UUID: 03516e89-b49f-42f3-a1de-df1df1e87dd7
[LOG]   Inserida triagem TRG-2026-773bc3fc - UUID: 773bc3fc-d2c7-49ff-8908-b1681d36667e
[LOG]   Inserida triagem TRG-2026-6ca168b4 - UUID: 6ca168b4-05a2-4159-b49b-b8a59260132c
[LOG] Inserido paciente 20/100 - UUID: 22bc6bb9-c219-4dc8-bbef-a5e55dd0fec4
[LOG]   Inserida triagem TRG-2026-c876c323 - UUID: c876c323-583c-4879-a07b-e31b9b86eac6
[LOG] Inserido paciente 21/100 - UUID: 347e2589-478c-4cdb-9ed7-d70ca246ed0b
[LOG]   Inserida triagem TRG-2026-f44584a1 - UUID: f44584a1-ac74-49fc-bbc8-bb943bb0c204
[LOG] Inserido paciente 22/100 - UUID: 535117b0-c4cd-444e-bd7f-0546b9f4731d
[LOG]   Inserida triagem TRG-2026-80129c74 - UUID: 80129c74-2758-49ab-a895-fe9b1d06a766
[LOG]   Inserida triagem TRG-2026-e8af4c55 - UUID: e8af4c55-13d8-425f-af24-103a3cc31218
[LOG]   Inserida triagem TRG-2026-2e3ff7c9 - UUID: 2e3ff7c9-e76f-4550-a554-6b3d51b29f73
[LOG] Inserido paciente 23/100 - UUID: bd52caf3-0ccb-48b0-accd-a3a7995082bf
[LOG]   Inserida triagem TRG-2026-b9a36710 - UUID: b9a36710-80da-4e73-89a0-1e9d643632c1
[LOG]   Inserida triagem TRG-2026-12cb7cdc - UUID: 12cb7cdc-a062-46ad-ab8a-58898c9ea683
[LOG] Inserido paciente 24/100 - UUID: b3fdf6a8-7449-4b04-85a9-01d158c09e8c
[LOG]   Inserida triagem TRG-2026-b2654d4d - UUID: b2654d4d-651c-47ac-9342-2830d58aaa18
[LOG]   Inserida triagem TRG-2026-e7ef2ff2 - UUID: e7ef2ff2-7c69-4711-9d96-6181d47fada3
[LOG] Inserido paciente 25/100 - UUID: 49ee0f74-9690-49d4-a2ab-3fd0be824e7b
[LOG]   Inserida triagem TRG-2026-cecbf199 - UUID: cecbf199-5ded-4c10-aee4-ece6543806d1
[LOG]   Inserida triagem TRG-2026-d386e02f - UUID: d386e02f-4720-4a7d-b6bb-7327bbc8f647
[LOG] Inserido paciente 26/100 - UUID: d41e5aed-a963-484a-b94a-e00666b95c87
[LOG]   Inserida triagem TRG-2026-66161067 - UUID: 66161067-466d-45ae-bdfd-4ce2f955f2f4
[LOG]   Inserida triagem TRG-2026-be1cfe3d - UUID: be1cfe3d-d90f-43e4-8fb2-f9de697cf451
[LOG]   Inserida triagem TRG-2026-c7ecfda6 - UUID: c7ecfda6-0861-4f7d-9adb-aa27fca85ad2
[LOG] Inserido paciente 27/100 - UUID: 3e582264-5eb4-4d6a-8231-8c9bc17fd264
[LOG]   Inserida triagem TRG-2026-bbaba71e - UUID: bbaba71e-dd13-4179-9810-34dc2bcef6c7
[LOG]   Inserida triagem TRG-2026-94ab5bdc - UUID: 94ab5bdc-04b3-4a78-a028-6706b4707eef
[LOG]   Inserida triagem TRG-2026-62875485 - UUID: 62875485-b1be-430d-bf74-3f5037dc87f6
[LOG] Inserido paciente 28/100 - UUID: ce14fcec-e00d-4674-989b-79af18bd891c
[LOG]   Inserida triagem TRG-2026-864bdc3e - UUID: 864bdc3e-cc4d-4146-8067-f3b8295ca439
[LOG] Inserido paciente 29/100 - UUID: 3bcfc98d-5f4c-4b8c-9d1a-cfcaaad99fba
[LOG]   Inserida triagem TRG-2026-ec89dae2 - UUID: ec89dae2-000b-4f57-bbf3-d064f4b43413
[LOG]   Inserida triagem TRG-2026-931af23e - UUID: 931af23e-9493-40a6-bcd4-34e8d048e1af
[LOG]   Inserida triagem TRG-2026-a5578bcb - UUID: a5578bcb-8efc-4e96-b7cd-1b673a93c683
[LOG] Inserido paciente 30/100 - UUID: d50dd99d-2420-42ff-b5c3-170d74384762
[LOG]   Inserida triagem TRG-2026-94c0e628 - UUID: 94c0e628-ba2e-4769-a544-ed9f3b9a67b3
[LOG]   Inserida triagem TRG-2026-f77efd7a - UUID: f77efd7a-395c-4fd8-bf4c-4fd6cc07bb72
[LOG]   Inserida triagem TRG-2026-1b977e42 - UUID: 1b977e42-85a5-48f5-93fb-4a99de374750
[LOG] Inserido paciente 31/100 - UUID: de1e2f36-ce07-4bd9-a397-6a3e5768bb51
[LOG]   Inserida triagem TRG-2026-e8c95171 - UUID: e8c95171-f646-47c9-b0d0-fd8f7b65ab33
[LOG]   Inserida triagem TRG-2026-4c00e8b8 - UUID: 4c00e8b8-e898-41e4-9837-04385764c33c
[LOG]   Inserida triagem TRG-2026-ce0f729b - UUID: ce0f729b-8263-4a8d-a0cc-549e583b6320
[LOG] Inserido paciente 32/100 - UUID: 86854f52-0d82-45d7-bb99-4e347ab980c9
[LOG]   Inserida triagem TRG-2026-91c00d51 - UUID: 91c00d51-b3a9-4515-8bbc-59fd528b021c
[LOG] Inserido paciente 33/100 - UUID: 30321a53-e4d5-4b3e-8aed-ae85b3e0849f
[LOG]   Inserida triagem TRG-2026-be412d42 - UUID: be412d42-c3a9-4576-836a-de9776269ac3
[LOG]   Inserida triagem TRG-2026-02774a44 - UUID: 02774a44-fca7-4979-864e-8eeae55b58c1
[LOG] Inserido paciente 34/100 - UUID: ce837dcd-6500-4309-a00c-67ad915f23c1
[LOG]   Inserida triagem TRG-2026-3a66a56d - UUID: 3a66a56d-7cd0-4208-8909-f6168c1b0323
[LOG]   Inserida triagem TRG-2026-346e01af - UUID: 346e01af-dfa8-438c-81f3-0c6abc3ec2d5
[LOG]   Inserida triagem TRG-2026-cfec259a - UUID: cfec259a-7b07-40e7-acc8-1fb7c80a836c
[LOG] Inserido paciente 35/100 - UUID: a2cdcacb-80a1-4146-ae12-2b110231b2be
[LOG]   Inserida triagem TRG-2026-3cf0e045 - UUID: 3cf0e045-0339-4285-aa02-2bde0f550ffe
[LOG]   Inserida triagem TRG-2026-91ebf9fe - UUID: 91ebf9fe-542f-420e-96d8-3d64fc1d1a31
[LOG]   Inserida triagem TRG-2026-4d335285 - UUID: 4d335285-dcae-48f6-946f-b7f1c3393677
[LOG] Inserido paciente 36/100 - UUID: 796b86a2-bbba-4051-a55f-d5d46fd8470b
[LOG]   Inserida triagem TRG-2026-a2a6a84e - UUID: a2a6a84e-2112-425e-b34f-5bfdaf960c55
[LOG]   Inserida triagem TRG-2026-f59f27f7 - UUID: f59f27f7-3d5e-49b3-a86c-be7ecf344305
[LOG] Inserido paciente 37/100 - UUID: 0a1707c1-d265-46a5-b0e9-a9966e1812fa
[LOG]   Inserida triagem TRG-2026-5907af91 - UUID: 5907af91-97f4-46e1-a32d-57ae014d0dbc
[LOG]   Inserida triagem TRG-2026-65c4e833 - UUID: 65c4e833-5aed-493e-a1dd-6f6e69cf64ba
[LOG]   Inserida triagem TRG-2026-01f8ee75 - UUID: 01f8ee75-9be8-46b7-b138-975d6f9e6770
[LOG] Inserido paciente 38/100 - UUID: 5eeb0b1d-23c0-4cf4-b030-f1785264619f
[LOG]   Inserida triagem TRG-2026-dfd94110 - UUID: dfd94110-5294-4331-a841-8ced5980a8a0
[LOG]   Inserida triagem TRG-2026-ab538936 - UUID: ab538936-5007-470c-a378-2758072273ca
[LOG]   Inserida triagem TRG-2026-f67c0de9 - UUID: f67c0de9-5662-48b5-aea4-f7e0446c2530
[LOG] Inserido paciente 39/100 - UUID: e5eff971-408b-4511-a843-86ab964f3355
[LOG]   Inserida triagem TRG-2026-8268b448 - UUID: 8268b448-584a-4184-b95b-1f9a5d768341
[LOG]   Inserida triagem TRG-2026-4386241a - UUID: 4386241a-7fa8-40e6-9c29-57047866e81a
[LOG]   Inserida triagem TRG-2026-1e984470 - UUID: 1e984470-947b-4b99-b772-1e3652f0a885
[LOG] Inserido paciente 40/100 - UUID: a3f6ccd7-8754-4185-abdf-bd1317d48a1d
[LOG]   Inserida triagem TRG-2026-8f386aff - UUID: 8f386aff-9a69-40ea-ad86-5d9696e7cc41
[LOG]   Inserida triagem TRG-2026-df9bc67e - UUID: df9bc67e-19d8-4fe7-a30f-e34a41d6960c
[LOG] Inserido paciente 41/100 - UUID: 099c538f-d0d9-412c-8d5b-6448e3532fdd
[LOG]   Inserida triagem TRG-2026-ff5c4298 - UUID: ff5c4298-1920-4f66-a3c7-498813a41151
[LOG]   Inserida triagem TRG-2026-cec2518c - UUID: cec2518c-2a90-4d2e-86c7-97705552b8d0
[LOG] Inserido paciente 42/100 - UUID: 68d7e51d-f750-407f-953c-40ae983e226b
[LOG]   Inserida triagem TRG-2026-6da42c02 - UUID: 6da42c02-7f04-4372-abe1-f90089f53b08
[LOG]   Inserida triagem TRG-2026-e4dd9329 - UUID: e4dd9329-3399-40ad-85d3-7ca0fb5b339d
[LOG]   Inserida triagem TRG-2026-45dd14e6 - UUID: 45dd14e6-bede-4efc-ad91-33e00b86b5bf
[LOG] Inserido paciente 43/100 - UUID: 4615dead-56a9-49c8-8f83-57c07b3ecae4
[LOG]   Inserida triagem TRG-2026-91b358a9 - UUID: 91b358a9-d0cc-4448-b683-90c9fe5cec7a
[LOG]   Inserida triagem TRG-2026-fd269530 - UUID: fd269530-5430-448c-ad8a-2d23200ff3c6
[LOG]   Inserida triagem TRG-2026-01e0adcd - UUID: 01e0adcd-4876-4833-af6e-f9a8e06f3273
[LOG] Inserido paciente 44/100 - UUID: c328b58a-0f57-46f7-895d-46715c06a77b
[LOG]   Inserida triagem TRG-2026-58e39e60 - UUID: 58e39e60-3ff3-4e46-bc98-a059391a12c8
[LOG]   Inserida triagem TRG-2026-be60af20 - UUID: be60af20-4048-4bb3-9a7f-4323ce8ef0da
[LOG] Inserido paciente 45/100 - UUID: d2bae75f-aa40-47cd-a010-bc5eee097a3e
[LOG]   Inserida triagem TRG-2026-a7f1adde - UUID: a7f1adde-e5d6-47bc-8789-7fe02245998f
[LOG]   Inserida triagem TRG-2026-d0eefb3f - UUID: d0eefb3f-e6f3-4c18-adcc-530a009f95c2
[LOG] Inserido paciente 46/100 - UUID: 6bf39cdf-5a98-4ec4-81ef-1469e4fbbbba
[LOG]   Inserida triagem TRG-2026-413a0f2b - UUID: 413a0f2b-8142-4079-b391-435f12c56011
[LOG]   Inserida triagem TRG-2026-c1018328 - UUID: c1018328-b1d8-4646-aefd-b2c17634e328
[LOG] Inserido paciente 47/100 - UUID: df66f888-8335-41c3-960f-0e24d01e5ff9
[LOG]   Inserida triagem TRG-2026-cad41c01 - UUID: cad41c01-695f-4f1e-a928-6fcde13d9c84
[LOG]   Inserida triagem TRG-2026-a449146d - UUID: a449146d-b832-4ace-879e-a340e250398b
[LOG]   Inserida triagem TRG-2026-ab3db4dd - UUID: ab3db4dd-6185-4b2e-bf56-a7a319334f4f
[LOG] Inserido paciente 48/100 - UUID: beb6adcd-8603-499c-a2c1-708632be37de
[LOG]   Inserida triagem TRG-2026-48575252 - UUID: 48575252-e089-47cb-8397-dd7a10a96b1a
[LOG] Inserido paciente 49/100 - UUID: 5f2945ee-e941-45e4-b7e5-b7dc6734fb0d
[LOG]   Inserida triagem TRG-2026-d0b238cd - UUID: d0b238cd-43ce-4150-a040-9a362162f3c1
[LOG]   Inserida triagem TRG-2026-84e7073c - UUID: 84e7073c-3936-4a1c-ab22-118a86d412d7
[LOG] Inserido paciente 50/100 - UUID: d3dd0460-a59e-4710-a50b-e70d95acf7ef
[LOG]   Inserida triagem TRG-2026-5021b9de - UUID: 5021b9de-a78f-4278-9dd2-21450dd04179
[LOG]   Inserida triagem TRG-2026-f917a5ca - UUID: f917a5ca-c351-433c-b94b-8b153c22e62c
[LOG] Inserido paciente 51/100 - UUID: 7df73040-df8a-41bb-932f-7d5d52a1a8d7
[LOG]   Inserida triagem TRG-2026-a4c048b3 - UUID: a4c048b3-e5dd-434a-b8b6-7e821ea86c51
[LOG]   Inserida triagem TRG-2026-858337a6 - UUID: 858337a6-33b5-402e-96ff-6493352edcc7
[LOG]   Inserida triagem TRG-2026-7a680005 - UUID: 7a680005-942d-46b9-8225-85cb1e952427
[LOG] Inserido paciente 52/100 - UUID: 59509538-072a-4112-8477-ef5721362d58
[LOG]   Inserida triagem TRG-2026-5cd3107e - UUID: 5cd3107e-f3f1-4be0-aed6-817cf473b516
[LOG] Inserido paciente 53/100 - UUID: b72ee11a-85ae-471a-ba9c-13afc4c3a98c
[LOG]   Inserida triagem TRG-2026-85f35d8b - UUID: 85f35d8b-9d82-424b-93fa-8975ad54f545
[LOG]   Inserida triagem TRG-2026-dd58e30b - UUID: dd58e30b-4c95-4ed4-b774-a1c0b80ebbd3
[LOG]   Inserida triagem TRG-2026-2f6705cf - UUID: 2f6705cf-fed5-4f44-88f9-4f38fb05127c
[LOG] Inserido paciente 54/100 - UUID: c01d6ccc-8ebe-47b8-b880-b5c3976877b1
[LOG]   Inserida triagem TRG-2026-9f4e09c4 - UUID: 9f4e09c4-3eb7-4908-8c2c-6900b7557265
[LOG]   Inserida triagem TRG-2026-19e9dcab - UUID: 19e9dcab-165c-4b3e-9f23-ca80e0d3c80e
[LOG]   Inserida triagem TRG-2026-3ac9d518 - UUID: 3ac9d518-1be9-4ff4-99b0-d4ee9df0f529
[LOG] Inserido paciente 55/100 - UUID: b1830311-74c3-402e-8558-70aed8571276
[LOG]   Inserida triagem TRG-2026-77e87475 - UUID: 77e87475-548f-441b-973b-8755c3308d98
[LOG] Inserido paciente 56/100 - UUID: ec558d70-905a-4413-8123-8fa0927c10c6
[LOG]   Inserida triagem TRG-2026-1812ca3e - UUID: 1812ca3e-cba9-4fc6-ac64-fcb98610c641
[LOG] Inserido paciente 57/100 - UUID: e0b9c19f-7c07-4a72-9344-fed147a5b805
[LOG]   Inserida triagem TRG-2026-c67dd238 - UUID: c67dd238-c37d-42fd-b7aa-fd28d2f6cdba
[LOG]   Inserida triagem TRG-2026-7e0b21cd - UUID: 7e0b21cd-c536-429b-abfa-8f54ba457901
[LOG] Inserido paciente 58/100 - UUID: 9abf07ec-283b-4f45-bb2e-da9a011821f7
[LOG]   Inserida triagem TRG-2026-560e5534 - UUID: 560e5534-f221-4643-8a93-015de1e18eda
[LOG]   Inserida triagem TRG-2026-36b4d89c - UUID: 36b4d89c-63cc-49a5-8f06-1052b3e70168
[LOG]   Inserida triagem TRG-2026-79c42810 - UUID: 79c42810-105a-4be7-9868-371aef3dc0c1
[LOG] Inserido paciente 59/100 - UUID: 9fce7e1d-5ed0-432d-9d33-0ddde02642a1
[LOG]   Inserida triagem TRG-2026-ca91bdc0 - UUID: ca91bdc0-f38b-475f-b41a-c67916d81ce6
[LOG] Inserido paciente 60/100 - UUID: 4535267d-0f43-43b5-be20-89135777d365
[LOG]   Inserida triagem TRG-2026-1d4aa433 - UUID: 1d4aa433-3627-4e4e-be10-7345dcebe526
[LOG]   Inserida triagem TRG-2026-501a6d7a - UUID: 501a6d7a-6d6b-45d5-b070-3563282d2995
[LOG]   Inserida triagem TRG-2026-925ca52d - UUID: 925ca52d-ed99-49db-8990-5dd39f435cad
[LOG] Inserido paciente 61/100 - UUID: 3fc3635d-e049-48bf-b665-7180490fcb18
[LOG]   Inserida triagem TRG-2026-6c9f23c9 - UUID: 6c9f23c9-4e46-4eb5-aa0a-5dd830f54d40
[LOG] Inserido paciente 62/100 - UUID: 4952fe6a-39ce-44f0-b226-79f9e2a37952
[LOG]   Inserida triagem TRG-2026-b922a5cd - UUID: b922a5cd-a6bb-453c-bc3a-ec897806e727
[LOG]   Inserida triagem TRG-2026-a4f4aa2b - UUID: a4f4aa2b-34f9-4c65-b7f2-cb4ee674f7cc
[LOG] Inserido paciente 63/100 - UUID: 5402cbc0-4393-4bb4-87a1-d230202a02e1
[LOG]   Inserida triagem TRG-2026-73b4ab59 - UUID: 73b4ab59-b83b-4db9-8c24-7f35883fa422
[LOG]   Inserida triagem TRG-2026-7dde5e21 - UUID: 7dde5e21-4e37-46d6-ac73-7953438163a1
[LOG] Inserido paciente 64/100 - UUID: 424a4a0d-d4ff-413e-848e-412cfd5dd7b2
[LOG]   Inserida triagem TRG-2026-793d09df - UUID: 793d09df-e8fe-4807-95c3-16310d05949c
[LOG]   Inserida triagem TRG-2026-1ce77690 - UUID: 1ce77690-0e4f-47d6-a08a-1f8a4443b814
[LOG] Inserido paciente 65/100 - UUID: b1aa82da-cf47-4be8-b0dd-ab8f6e59729a
[LOG]   Inserida triagem TRG-2026-4ba9002d - UUID: 4ba9002d-add9-412e-9f26-3c541c3bdf0e
[LOG]   Inserida triagem TRG-2026-900b1817 - UUID: 900b1817-e33b-4b88-9913-18256423905d
[LOG] Inserido paciente 66/100 - UUID: df5040fe-5af6-4109-addb-ff78c2068884
[LOG]   Inserida triagem TRG-2026-afce0494 - UUID: afce0494-c2d3-485e-9745-922dd2fba091
[LOG]   Inserida triagem TRG-2026-a295865f - UUID: a295865f-3593-45ef-aea6-973aa713f4fe
[LOG] Inserido paciente 67/100 - UUID: df0fcad7-771e-4241-951f-18126648bbdd
[LOG]   Inserida triagem TRG-2026-59c7a671 - UUID: 59c7a671-0f82-40a8-8d41-3f228e8b2e9f
[LOG]   Inserida triagem TRG-2026-9a6e35be - UUID: 9a6e35be-968c-491b-8ba0-3aec9b0389c7
[LOG] Inserido paciente 68/100 - UUID: fc85a9a5-015c-4984-b4a1-71b933299768
[LOG]   Inserida triagem TRG-2026-212259a5 - UUID: 212259a5-5f46-4496-9a80-934316f46a4d
[LOG]   Inserida triagem TRG-2026-dcd30f05 - UUID: dcd30f05-f7d8-4684-945d-6e0a5719b141
[LOG]   Inserida triagem TRG-2026-7671c86e - UUID: 7671c86e-fcfe-499f-a3a6-41315cd6d8b8
[LOG] Inserido paciente 69/100 - UUID: 6dfc429f-17e0-471c-a316-fa4043223695
[LOG]   Inserida triagem TRG-2026-1fdb5a6e - UUID: 1fdb5a6e-244b-4121-b3a8-a431d43c9da4
[LOG]   Inserida triagem TRG-2026-61ccdbcf - UUID: 61ccdbcf-3761-492e-8464-dd4c171293f5
[LOG]   Inserida triagem TRG-2026-abc893dc - UUID: abc893dc-25bf-44ca-b967-f8b56daf6354
[LOG] Inserido paciente 70/100 - UUID: aa8fd281-6d57-4af5-8366-286066eda91b
[LOG]   Inserida triagem TRG-2026-efa17092 - UUID: efa17092-8bce-4d60-996f-130bd203f103
[LOG]   Inserida triagem TRG-2026-3a06ab36 - UUID: 3a06ab36-3789-4b9c-9ccd-cc48768e473e
[LOG]   Inserida triagem TRG-2026-67399192 - UUID: 67399192-7b20-4cd3-af86-3eb85dcd5a6f
[LOG] Inserido paciente 71/100 - UUID: d48a4387-9569-42a3-b530-a8000f8776f4
[LOG]   Inserida triagem TRG-2026-9fcf2346 - UUID: 9fcf2346-0ebe-41f8-9b8a-fa845d16d925
[LOG]   Inserida triagem TRG-2026-260ab930 - UUID: 260ab930-d38d-41b3-be62-d01ac30ba714
[LOG] Inserido paciente 72/100 - UUID: feef060d-aaa0-4d95-8adb-52faf5aa78ee
[LOG]   Inserida triagem TRG-2026-64c341fd - UUID: 64c341fd-1c5f-4657-94f1-5b76748c36fa
[LOG] Inserido paciente 73/100 - UUID: 55ad81e8-290a-4dd1-9369-2a3b9ee4ad4e
[LOG]   Inserida triagem TRG-2026-042c9f0f - UUID: 042c9f0f-a13c-4a7c-97a0-030f7cf92daf
[LOG]   Inserida triagem TRG-2026-9c6bfd6d - UUID: 9c6bfd6d-d017-4f82-a26b-16a5a37dade6
[LOG] Inserido paciente 74/100 - UUID: 194e7010-ce2c-4a73-ad01-3e53848d54bc
[LOG]   Inserida triagem TRG-2026-8ae23bf1 - UUID: 8ae23bf1-3206-477b-b0d4-ac855b0f6608
[LOG]   Inserida triagem TRG-2026-c36d6e98 - UUID: c36d6e98-4a86-48bf-8523-5a6a6c16252b
[LOG] Inserido paciente 75/100 - UUID: e07d9c7e-eb9f-4712-a286-c59f12e44fb6
[LOG]   Inserida triagem TRG-2026-c90f5b88 - UUID: c90f5b88-bf5f-443f-820a-ef8c450e3d80
[LOG] Inserido paciente 76/100 - UUID: f15c5322-7d5f-42fe-8aea-2af16d6d525f
[LOG]   Inserida triagem TRG-2026-dd36a203 - UUID: dd36a203-0ca9-4d6e-8fce-9f0942b42b96
[LOG]   Inserida triagem TRG-2026-17387b74 - UUID: 17387b74-70c4-4aba-a5ac-d12d6ff6daaf
[LOG] Inserido paciente 77/100 - UUID: 59d6fe88-9fae-41ae-aac2-eaab57aa0b7e
[LOG]   Inserida triagem TRG-2026-713b3880 - UUID: 713b3880-3553-47bc-af16-058945d7fcbe
[LOG]   Inserida triagem TRG-2026-a47f7df8 - UUID: a47f7df8-94df-4ae7-978e-da53708577be
[LOG]   Inserida triagem TRG-2026-0c7c940b - UUID: 0c7c940b-c594-4ddd-97d1-a406a4b72d1b
[LOG] Inserido paciente 78/100 - UUID: fa79eee4-0fc1-49ce-8c86-4818a1ac9baf
[LOG]   Inserida triagem TRG-2026-026b21a6 - UUID: 026b21a6-8e61-4bac-ba67-3fff0a2adfe8
[LOG] Inserido paciente 79/100 - UUID: d5c69715-a538-4651-b3f7-c5542a817de9
[LOG]   Inserida triagem TRG-2026-91f0f5df - UUID: 91f0f5df-8841-4640-89be-526e735afe13
[LOG]   Inserida triagem TRG-2026-1eab5568 - UUID: 1eab5568-96ff-41f8-b1d5-d38c227817a8
[LOG]   Inserida triagem TRG-2026-ed58076a - UUID: ed58076a-8ae2-45ae-858b-8d9cc086bae5
[LOG] Inserido paciente 80/100 - UUID: 8becb76c-505c-4526-8621-64a3fd55e325
[LOG]   Inserida triagem TRG-2026-8a1c65d0 - UUID: 8a1c65d0-1c50-47e1-8a73-250da8518221
[LOG]   Inserida triagem TRG-2026-53370460 - UUID: 53370460-3cf4-404b-a77a-6e73ec188531
[LOG]   Inserida triagem TRG-2026-b354e375 - UUID: b354e375-6f13-40a9-8953-6db3943d63ef
[LOG] Inserido paciente 81/100 - UUID: 977c03a4-ee52-45b7-bb54-b7b35c0df56f
[LOG]   Inserida triagem TRG-2026-76ac76fd - UUID: 76ac76fd-5136-4b5b-b66f-0449b48e7953
[LOG]   Inserida triagem TRG-2026-2caa4271 - UUID: 2caa4271-bd8e-422a-8203-02833a733def
[LOG]   Inserida triagem TRG-2026-d91073e4 - UUID: d91073e4-dbd3-42d0-bcd5-33770dbab212
[LOG] Inserido paciente 82/100 - UUID: bfbda732-3a15-499c-a38d-8001ccf0ae4b
[LOG]   Inserida triagem TRG-2026-eb9e6f5b - UUID: eb9e6f5b-49d6-43ec-bf58-11bf5374d58b
[LOG]   Inserida triagem TRG-2026-9b16bbc6 - UUID: 9b16bbc6-bba6-4f09-9df7-b5b439f8d784
[LOG]   Inserida triagem TRG-2026-9616cece - UUID: 9616cece-0356-46a0-aba6-cb520f72bb3e
[LOG] Inserido paciente 83/100 - UUID: d096deae-7647-47bc-9544-e9b505171f78
[LOG]   Inserida triagem TRG-2026-461b79c8 - UUID: 461b79c8-14bd-47af-aed3-9ee9fdf19a66
[LOG] Inserido paciente 84/100 - UUID: 2fe9c91a-0a7a-401f-875e-347503519012
[LOG]   Inserida triagem TRG-2026-bfe1f594 - UUID: bfe1f594-dcfd-4016-9165-e687c60a8fda
[LOG]   Inserida triagem TRG-2026-e2d12d9e - UUID: e2d12d9e-3aa2-4562-8da9-4eb9845919e0
[LOG] Inserido paciente 85/100 - UUID: e0cb0a87-61df-48bc-9899-014c48fd0b7d
[LOG]   Inserida triagem TRG-2026-fe2e6d37 - UUID: fe2e6d37-73ae-4904-9552-de85c3c35009
[LOG]   Inserida triagem TRG-2026-65c1df9e - UUID: 65c1df9e-48a4-45c9-a18d-9d78b6721c16
[LOG] Inserido paciente 86/100 - UUID: 4b4a1d68-b150-4f3c-9e7e-ead3dee44f82
[LOG]   Inserida triagem TRG-2026-102791f4 - UUID: 102791f4-b702-43ba-a640-c958d41e93a6
[LOG]   Inserida triagem TRG-2026-ac6571cb - UUID: ac6571cb-5a45-4356-812e-8a01df156d04
[LOG]   Inserida triagem TRG-2026-43060316 - UUID: 43060316-0724-46fd-be6e-663a6c61a21a
[LOG] Inserido paciente 87/100 - UUID: b90350d2-51f6-4c40-8714-e291c1ee7f85
[LOG]   Inserida triagem TRG-2026-ba255d5d - UUID: ba255d5d-d10b-4cc4-b3c7-eeea1a5f8ba5
[LOG]   Inserida triagem TRG-2026-e3dcb425 - UUID: e3dcb425-75b2-4958-bfda-c75b1a7a490f
[LOG]   Inserida triagem TRG-2026-a7e1e2bf - UUID: a7e1e2bf-ca52-4102-95f1-72783f80ce1b
[LOG] Inserido paciente 88/100 - UUID: 35700261-949e-45f6-a4b8-2c57f70f9d23
[LOG]   Inserida triagem TRG-2026-1a93288e - UUID: 1a93288e-c9af-4a58-8f7b-2274bbaba7cd
[LOG]   Inserida triagem TRG-2026-0da934b3 - UUID: 0da934b3-85b3-4992-9e79-4f92ba51d8b1
[LOG]   Inserida triagem TRG-2026-9fa77dba - UUID: 9fa77dba-0135-4583-b5a8-320bb45ff5dd
[LOG] Inserido paciente 89/100 - UUID: 03add858-ea3c-45c0-97b7-5682d6219686
[LOG]   Inserida triagem TRG-2026-11ad6dd4 - UUID: 11ad6dd4-3f33-43c8-962d-5d88405b6448
[LOG]   Inserida triagem TRG-2026-c4bff1c3 - UUID: c4bff1c3-0934-4ce3-9253-ca43a2c021b6
[LOG]   Inserida triagem TRG-2026-39275212 - UUID: 39275212-0f73-4880-9758-7c5c61bf88f7
[LOG] Inserido paciente 90/100 - UUID: 7bb290c0-71f6-41f8-b1d1-9621843dd6bc
[LOG]   Inserida triagem TRG-2026-ec05ce1c - UUID: ec05ce1c-6cea-468b-91ff-6f9376e2f819
[LOG]   Inserida triagem TRG-2026-bb9d764a - UUID: bb9d764a-3f00-4535-a728-028e01b4569b
[LOG]   Inserida triagem TRG-2026-f9ef4b81 - UUID: f9ef4b81-1c1a-4bbb-88ff-97b9b95d4dc1
[LOG] Inserido paciente 91/100 - UUID: 5d20efce-0574-41d0-9a61-bd315095576d
[LOG]   Inserida triagem TRG-2026-34239d9f - UUID: 34239d9f-f6ae-4c83-85c5-2414afdece84
[LOG]   Inserida triagem TRG-2026-0017fe08 - UUID: 0017fe08-f5e0-4e78-8838-5df978924cfd
[LOG] Inserido paciente 92/100 - UUID: 7b94c25f-a6cd-4d57-baf8-6ac5d563052e
[LOG]   Inserida triagem TRG-2026-338d3ae8 - UUID: 338d3ae8-ce69-4445-891f-d73dd11535b8
[LOG] Inserido paciente 93/100 - UUID: 9bda8cf5-8df8-4808-8e2d-369bc3044ec6
[LOG]   Inserida triagem TRG-2026-562ad90b - UUID: 562ad90b-13b1-48c6-a11d-99ecc2d8192e
[LOG]   Inserida triagem TRG-2026-1a2ba69c - UUID: 1a2ba69c-ba68-4984-8dbc-bbf4cbb44eba
[LOG] Inserido paciente 94/100 - UUID: 72c508ff-f343-46a5-bd38-8663cfadcecb
[LOG]   Inserida triagem TRG-2026-cf876892 - UUID: cf876892-22f0-475d-8ff7-b03ebe277c94
[LOG]   Inserida triagem TRG-2026-c14c1d93 - UUID: c14c1d93-cb20-4667-b60b-79f09acd7f38
[LOG]   Inserida triagem TRG-2026-9b4b0e3f - UUID: 9b4b0e3f-82a6-4dd6-a289-babbded05a54
[LOG] Inserido paciente 95/100 - UUID: 938cf846-d202-478d-9279-b09b3e900f6f
[LOG]   Inserida triagem TRG-2026-e05d9205 - UUID: e05d9205-446b-46e5-85cf-e2842c3ffbd8
[LOG] Inserido paciente 96/100 - UUID: e4d8f7d1-bcde-47a2-b019-7c49c0fb6a8d
[LOG]   Inserida triagem TRG-2026-a8df404a - UUID: a8df404a-dbf6-4a36-9002-eaeb1e3933e4
[LOG]   Inserida triagem TRG-2026-6561c27d - UUID: 6561c27d-ca1f-42bc-bd59-4097fb46f5bf
[LOG]   Inserida triagem TRG-2026-405d7e7c - UUID: 405d7e7c-129f-48f8-8355-d5af92629d0b
[LOG] Inserido paciente 97/100 - UUID: dab2b4b3-0147-4ac4-94b9-85ce8ca585a4
[LOG]   Inserida triagem TRG-2026-5d2442b8 - UUID: 5d2442b8-865d-4d05-8092-4297429b232c
[LOG]   Inserida triagem TRG-2026-4db5be9a - UUID: 4db5be9a-0a13-4823-bbd3-4a514e45c86d
[LOG] Inserido paciente 98/100 - UUID: 165b23e0-75c3-4a31-86a1-7835f82e862d
[LOG]   Inserida triagem TRG-2026-a315f71f - UUID: a315f71f-6a9c-4054-aef7-2dd92d34c9c6
[LOG] Inserido paciente 99/100 - UUID: e5be7c70-c450-4bd5-8cf8-1b52e08c5167
[LOG]   Inserida triagem TRG-2026-16844236 - UUID: 16844236-820a-4c10-a785-18100709c805
[LOG]   Inserida triagem TRG-2026-70d3e711 - UUID: 70d3e711-8bb8-4f27-88e1-3d85bfc50374
[LOG]   Inserida triagem TRG-2026-e6a3dcd7 - UUID: e6a3dcd7-13f7-49ae-b7e5-f9290bde0096
[LOG] Inserido paciente 100/100 - UUID: 6e6c2689-e06c-4a7b-8a14-017e723d3a72
[LOG]   Inserida triagem TRG-2026-26deb299 - UUID: 26deb299-c730-4ac9-a86e-5073b548e230
[LOG]   Inserida triagem TRG-2026-d73ce62b - UUID: d73ce62b-bbde-45ae-bfcf-a14b0edf4bf6
[LOG]   Inserida triagem TRG-2026-e6a71883 - UUID: e6a71883-3ce1-4410-ba44-abe6a382d78d
[LOG] RESUMO: 100 usuários, 219 triagens inseridos; 0 duplicados; 0 falhas
